#Tests the parser on a empty file

#Create graph
loaded graph myGraph

myGraph contains: