#Tests BFS on a graph with only one character

loaded graph myGraph

unknown: Char2