#Tests BFS on a graph with two characters and one connection between them

loaded graph myGraph

path from Char1 to Char2:
Char1 to Char2 via Book1

path from Char2 to Char1:
Char2 to Char1 via Book1