#Tests the BFS on a graph where there is more than one path between two characters using different characters on the path

loaded graph myGraph

path from Char1 to Char4:
Char1 to Char2 via Book1
Char2 to Char4 via Book2