#Tests the behavior of adding a edge where nodes do not exist

#Creates graph
created graph myGraph

#Adds edge
added edge e12 from n1 to n2 in myGraph

#Lists children
the children of n1 in myGraph are: n2(e12)
the children of n2 in myGraph are:

#Lists Nodes
myGraph contains: n1 n2