#Tests how a graph with one node behaves

#Creates graph
created graph myGraph

#Adds node
added node n1 to myGraph
added node n2 to myGraph

#Lists children
the children of n1 in myGraph are:
the children of n2 in myGraph are:

#Lists nodes
myGraph contains: n1 n2